0	mq	ം	ஂ	ం	ಂ	ऀ	ঁ	ઁ	ଁ	ਁ	#
1	mq	ം	ஂ	ం	ಂ	ँ	ঁ	ઁ	ଁ	ਁ	#
2	q	ം	ஂ	ం	ಂ	ं	ং	ં	ଂ	ਂ	ᱝ
3	hq	ഃ	ஃ	ః	ಃ	ः	ঃ	ઃ	ଃ	ਃ	#
4	a	അ	அ	అ	ಅ	ऄ	অ	અ	ଅ	ਅ	#
5	a	അ	அ	అ	ಅ	अ	অ	અ	ଅ	ਅ	#
6	aa	ആ	ஆ	ఆ	ಆ	आ	আ	આ	ଆ	ਆ	#
7	i	ഇ	இ	ఇ	ಇ	इ	ই	ઇ	ଇ	ਇ	#
8	ii	ഈ	ஈ	ఈ	ಈ	ई	ঈ	ઈ	ଈ	ਈ	#
9	u	ഉ	உ	ఉ	ಉ	उ	উ	ઉ	ଉ	ਉ	#
10	uu	ഊ	ஊ	ఊ	ಊ	ऊ	ঊ	ઊ	ଊ	ਊ	#
11	rq	ഋ	ற	ఋ	ಋ	ऋ	ঋ	ઋ	ଋ	ਰ	#
12	uu	ഊ	ஊ	ఊ	ಊ	ऌ	ঌ	ઌ	ଌ	ਊ	#
13	e	എ	எ	ఎ	ಎ	ऍ	এ	ઍ	ଏ	ਏ	#
14	e	എ	எ	ఎ	ಎ	ऎ	এ	એ	ଏ	ਏ	#
15	ee	ഏ	ஏ	ఏ	ಏ	ए	এ	એ	ଏ	ਏ	#	
16	ei	ഐ	ஐ	ఐ	ಐ	ऐ	ঐ	ઐ	ଐ	ਐ	#
17	a	അ	அ	అ	ಅ	ऑ	অ	ઑ	ଅ	ਅ	#
18	o	ഒ	ஒ	ఒ	ಒ	ऒ	ও	ઓ	ଓ	ਓ	#
19	oo	ഓ	ஓ	ఓ	ಓ	ओ	ও	ઓ	ଓ	ਓ	#
20	ou	ഔ	ஔ	ఔ	ಔ	औ	ঔ	ઔ	ଔ	ਔ	#
21	k	ക	க	క	ಕ	क	ক	ક	କ	ک	ᱠ
22	kh	ഖ	க	ఖ	ಖ	ख	খ	ખ	ଖ	ਖ	ᱠᱷ	
23	g	ഗ	க	గ	ಗ	ग	গ	ગ	ଗ	ਗ	ᱜ
24	gh	ഘ	க	ఘ	ಘ	घ	ঘ	ઘ	ଘ	ਘ	ᱜᱷ
25	ng	ങ	ங	ఙ	ಙ	ङ	ঙ	ઙ	ଙ	ਙ	ᱝ
26	c	ച	ச	చ	ಚ	च	চ	ચ	ଚ	ਚ	ᱪ
27	ch	ഛ	ச	ఛ	ಛ	छ	ছ	છ	ଛ	ਛ	ᱪᱷ
28	j	ജ	ஜ	జ	ಜ	ज	জ	જ	ଜ	ਜ	ᱡ
29	jh	ഝ	ஜ	ఝ	ಝ	झ	ঝ	ઝ	ଝ	ਝ	ᱡᱷ
30	nj	ഞ	ஞ	ఞ	ಞ	ञ	ঞ	ઞ	ଞ	ਞ	ᱧ
31	tx	ട	ட	ట	ಟ	ट	ট	ટ	ଟ	ਟ	ᱴ
32	txh	ഠ	ட	ఠ	ಠ	ठ	ঠ	ઠ	ଠ	ਠ	ᱴᱷ
33	dx	ഡ	ட	డ	ಡ	ड	ড	ડ	ଡ	ਡ	ᱰ
34	dxh	ഢ	ட	ఢ	ಢ	ढ	ঢ	ઢ	ଢ	ਢ	ᱰᱷ
35	nx	ണ	ண	ణ	ಣ	ण	ণ	ણ	ଣ	ਣ	ᱬ
36	t	ത	த	త	ತ	त	ত	ત	ତ	ਤ	ᱛ
37	th	ഥ	த	థ	ಥ	थ	থ	થ	ଥ	ਥ	ᱛᱷ
38	d	ദ	த	ద	ದ	द	দ	દ	ଦ	ਦ	ᱫ
39	dh	ധ	த	ధ	ಧ	ध	ধ	ધ	ଧ	ਧ	ᱫᱷ
40	n	ന	ந	న	ನ	न	ন	ન	ନ	ਨ	ᱱ
41	nd	ഩ	ன	న	ನ	ऩ	ন	ન	ନ	ਨ	ᱱ
42	p	പ	ப	ప	ಪ	प	প	પ	ପ	ਪ	ᱯ
43	ph	ഫ	ப	ఫ	ಫ	फ	ফ	ફ	ଫ	ਫ	ᱯᱷ
44	b	ബ	ப	బ	ಬ	ब	ব	બ	ବ	ਬ	ᱵ
45	bh	ഭ	ப	భ	ಭ	भ	ভ	ભ	ଭ	ਭ	ᱵᱷ	
46	m	മ	ம	మ	ಮ	म	ম	મ	ମ	ਮ	ᱢ
47	y	യ	ய	య	ಯ	य	য	ય	ୟ	ਯ	ᱭ
48	r	ര	ர	ర	ರ	र	র	ર	ର	ਰ	ᱨ
49	rx	റ	ற	ర	ರ	ऱ	র	ર	ର	ਰ	ᱨ
50	l	ല	ல	ల	ಲ	ल	ল	લ	ଲ	ਲ	ᱞ
51	lx	ള	ள	ళ	ಳ	ळ	ল	ળ	ଳ	ਲ਼	ᱲ
52	zh	ഴ	ழ	ళ	ಳ	ऴ	ল	ળ	ଳ	ਲ਼	ᱲ
53	w	വ	வ	వ	ವ	व	ব	વ	ଵ	ਵ	ᱣ
54	sh	ശ	ஶ	శ	ಶ	श	শ	શ	ଶ	ਸ਼	ᱥ
55	sx	ഷ	ஷ	ష	ಷ	ष	ষ	ષ	ଷ	ਸ਼	ᱥ
56	s	സ	ஸ	స	ಸ	स	স	સ	ସ	ਸ	ᱥ
57	h	ഹ	ஹ	హ	ಹ	ह	হ	હ	ହ	ਹ	ᱦ
58	a	അ	அ	అ	ಅ	ऺ	অ	અ	ଅ	ਅ	ᱚ
59	aav	ാ	ா	ా	ಾ	ऻ	া	ા	ା	ਾ	ᱟ
60	nk	അ	அ	అ	ಅ	़	়	઼	଼	਼	#
61	ag	അ	அ	అ	ಅ	ऽ	ঽ	ઽ	ଽ	ਅ	#
62	aav	ാ	ா	ా	ಾ	ा	া	ા	ା	ਾ	#
63	iv	ി	ி	ి	ಿ	ि	ি	િ	ି	ਿ	ᱤ	
64	iiv	ീ	ீ	ీ	ೀ	ी	ী	ી	ୀ	ੀ	ᱤ
65	uv	ു	ு	ు	ು	ु	ু	ુ	ୁ	ੁ	ᱩ
66	uuv	ൂ	ூ	ూ	ೂ	ू	ূ	ૂ	ୂ	ੂ	ᱩ
67	rqv	ൃ	ு	ృ	ೃ	ृ	ৃ	ૃ	ୃ	ੁ	#
68	rqwv	ൄ	ூ	ౄ	ೄ	ॄ	ৄ	ૄ	ୃ	ੂ	#
69	e	എ	எ	ఎ	ಎ	ॅ	এ	ઍ	ଏ	ਏ	ᱮ
70	ev	െ	ெ	ె	ೆೆ	ॆ	ে	ે	ୄ	ੇ	#
71	eev	േ	ே	ే	ೇ	े	ে	ે	େ	ੇ	#
72	eiv	ൈ	ை	ై	ೇೈ	ै	ৈ	ૈ	ୈ	ੈ	#
73	axv	ാ	ா	ా	ಾ	ॉ	া	ૉ	ା	ਾ	#
74	ov	ൊ	ொ	ొ	ೊ	ॊ	ো	ો	ୋ	ੋ	ᱳ
75	oov	ോ	ோ	ో	ೋ	ो	ো	ો	ୋ	ੋ	#
76	ouv	ൌ	ௌ	ౌ	ೌ	ौ	ৌ	ૌ	ୌ	ੌ	#
77	eu	്	்	్	್	्	্	્	୍	੍	#
78	a	അ	அ	అ	ಅ	ॎ	ৎ	અ	ଅ	ਅ	#
79	ouv	ൌ	ௌ	ౌ	ೌ	ॏ	ৌ	ૌ	ୌ	ੌ	#
80	oom	ഓംമ്	ஓம்	ఓం	ಓಂ	ॐ	ওম	ૐ	ଓମ୍	ੴ	#
81	a	അ	அ	అ	ಅ	॓	অ	અ	ଅ	ਅ	#
82	a	അ	அ	అ	ಅ	॔	অ	અ	ଅ	ਅ	#
83	h	#	#	#	#	#	#	#	#	#	ᱷ
84	$	#	#	#	#	#	#	#	#	#	#
85	a	അ	அ	అ	ಅ	ॕ	অ	અ	ଅ	ਅ	#
86	a	അ	அ	అ	ಅ	ॖ	অ	અ	ୖ	ਅ	#
87	auv	ൗ	அ	అ	ಅ	ॗ	ৗ	અ	ୗ	ਅ	#
88	kq	ക	க	క	ಕ	क़	ক	ક	କ	ਕ	#
89	khq	ഖ	க	ఖ	ಖ	ख़	খ	ખ	ଖ	ਖ਼	#
90	gq	ഗ	க	గ	ಗ	ग़	গ	ગ	ଗ	ਗ਼	#
91	z	ജ	ஜ	జ	ಜ	ज़	জ	જ	ଜ	ਜ਼	#
92	dxq	ഡ	ட	డ	ಡ	ड़	ড়	ડ	ଡ଼	ੜ	#
93	dxhq	ഢ	ட	ఢ	ಢ	ढ़	ঢ়	ઢ	ଢ଼	ਢ	#
94	f	ഫ	ப	ఫ	ಫ	फ़	ফ	ફ	ଫ	ਫ਼	#
95	y	യ	ய	య	ಯ	य़	য়	ય	ୟ	ਯ	#
96	rqw	ൠ	ற	ౠ	ೠ	ॠ	ৠ	ૠ	ୠ	ਰ	#
97	uu	ലു	லு	లు	ಲು	ॡ	লু	લુ	ଲୁ	ਲੁ	#
98	lu	ലു	லு	లు	ಲು	ॢ	ৢ	ૢ	ୢ	ਲੁ	#
99	lu	ലു	லு	లు	ಲು	ॣ	ৣ	ૣ	ୢ	ਲੁ	#
100	sp	.	.	.	.	।	।	.	।	।	᱾ 
101	lsp	.	.	.	.	॥	।	.	।	।	᱿
102	0	൦	௦	౦	೦	०	০	૦	୦	੦	᱐	
103	1	൧	௧	౧	೧	१	১	૧	୧	੧	᱑
104	2	൨	௨	౨	೨	२	২	૨	୨	੨	᱒ 
105	3	൩	௩	౩	೩	३	৩	૩	୩	੩	᱓
106	4	൪	௪	౪	೪	४	৪	૪	୪	੪	᱔
107	5	൫	௫	౫	೫	५	৫	૫	୫	੫	᱕
108	6	൬	௬	౬	೬	६	৬	૬	୬	੬	᱖	
109	7	൭	௭	౭	೭	७	৭	૭	୭	੭	᱗
110	8	൮	௮	౮	೮	८	৮	૮	୮	੮	᱘
111	9	൯	௯	౯	೯	९	৯	૯	୯	੯	᱙
112	rv	ര	ர	ర	ರ	॰	ৰ	૰	୰	ਰ	#
113	wv	വ	வ	వ	ವ	ॱ	ৱ	૱	ୱ	ਵ	#
114	aav	ാ	ா	ా	ಾ	ॲ	৲	ા	୲	ਾ	#
115	a	അ	அ	అ	ಅ	ॳ	৳	અ	୳	ਅ	#
116	a	ആ	ஆ	ఆ	ಆ	ॴ	৴	આ	୴	ਆ	#
117	ou	ഔ	ஔ	ఔ	ಔ	ॵ	৵	ઔ	୵	ਔ	#
118	$	അ	அ	అ	ಅ	ॶ	৶	અ	୶	ਅ	#
119	$	അ	அ	అ	ಅ	ॷ	৷	અ	୷	ਅ	#
120	dx	ഡ	ட	డ	ಡ	ॸ	৸	ડ	ଡ	ਡ	#
121	z	ജ	ஜ	జ	ಜ	ॹ	৹	જ	ଜ	ਜ਼	#
122	nwv/y	ൺ	ண	ణ	ಣ	ॺ	৺	થ	ୟ	ਯ	#
123	nnv/g	ൻ	ந	న	ನ	ॻ	৻	ગ	ଗ	ਗ	#
124	rwv/j	ർ	ற	ర	ರ	ॼ	জ	જ	ଜ	ਜ	#
125	lwv/sp	ൽ	ல	ల	ಲ	ॽ	।	.	।	।	#
126	lnv/dx	ൾ	ல	ల	ಲ	ॾ	ড	ડ	ଡ	ਡ	#
127	b	ബ	ப	బ	ಬ	ॿ	ব	બ	ବ	ਬ	#
